{
    "hmmer.taxonomy.per_query.tsv": {
        "content": [
            "hmmer.taxonomy.per_query.tsv"
        ],
        "meta": {
            "nf-test": "0.8.4",
            "nextflow": "23.10.1"
        },
        "timestamp": "2024-04-05T20:45:46.123551197"
    },
    "mafft.taxonomy.profile.tsv_lines": {
        "content": "eb4ae24c330c4b4ab768f7d1c26c7215",
        "meta": {
            "nf-test": "0.8.4",
            "nextflow": "23.10.1"
        },
        "timestamp": "2024-04-08T11:24:06.138041"
    },
    "hmmer.taxonomy.profile.tsv": {
        "content": [
            "hmmer.taxonomy.profile.tsv"
        ],
        "meta": {
            "nf-test": "0.8.4",
            "nextflow": "23.10.1"
        },
        "timestamp": "2024-04-05T20:45:46.115530176"
    },
    "hmmer.graft.placement.epa_result.newick_lines": {
        "content": "8533b159d543f75b92efcfb4fd330280",
        "meta": {
            "nf-test": "0.8.4",
            "nextflow": "23.10.1"
        },
        "timestamp": "2024-04-08T10:55:06.361779"
    },
    "hmmer.taxonomy.profile.tsv_lines": {
        "content": "8533b159d543f75b92efcfb4fd330280",
        "meta": {
            "nf-test": "0.8.4",
            "nextflow": "23.10.1"
        },
        "timestamp": "2024-04-08T10:59:31.223864"
    },
    "mafft.graft.placement.epa_result.newick_lines": {
        "content": "eb4ae24c330c4b4ab768f7d1c26c7215",
        "meta": {
            "nf-test": "0.8.4",
            "nextflow": "23.10.1"
        },
        "timestamp": "2024-04-08T11:24:06.117996"
    },
    "mafft.taxonomy.per_query.tsv_lines": {
        "content": "eb4ae24c330c4b4ab768f7d1c26c7215",
        "meta": {
            "nf-test": "0.8.4",
            "nextflow": "23.10.1"
        },
        "timestamp": "2024-04-08T11:24:06.175662"
    },
    "hmmer.graft.placement.epa_result.newick": {
        "content": [
            "hmmer.graft.hmmer.epa_result.newick"
        ],
        "meta": {
            "nf-test": "0.8.4",
            "nextflow": "23.10.1"
        },
        "timestamp": "2024-04-05T20:45:46.105219765"
    },
    "nucl_hmmer.graft.placement.epa_result.newick": {
        "content": [
            "nucl_hmmer.graft.nucl_hmmer.epa_result.newick"
        ],
        "meta": {
            "nf-test": "0.8.4",
            "nextflow": "23.10.1"
        },
        "timestamp": "2024-04-08T11:37:46.19414"
    },
    "hmmer.epa_result.jplace.gz": {
        "content": [
            "hmmer.epa_result.jplace.gz"
        ],
        "meta": {
            "nf-test": "0.8.4",
            "nextflow": "23.10.1"
        },
        "timestamp": "2024-04-08T11:56:49.564967"
    },
    "hmmer.taxonomy.per_query.tsv_lines": {
        "content": "8533b159d543f75b92efcfb4fd330280",
        "meta": {
            "nf-test": "0.8.4",
            "nextflow": "23.10.1"
        },
        "timestamp": "2024-04-08T10:59:31.236689"
    },
    "mafft.taxonomy.per_query.tsv": {
        "content": [
            "mafft.taxonomy.per_query.tsv"
        ],
        "meta": {
            "nf-test": "0.8.4",
            "nextflow": "23.10.1"
        },
        "timestamp": "2024-04-05T20:57:13.505168194"
    },
    "mafft.graft.placement.epa_result.newick": {
        "content": [
            "mafft.graft.mafft.epa_result.newick"
        ],
        "meta": {
            "nf-test": "0.8.4",
            "nextflow": "23.10.1"
        },
        "timestamp": "2024-04-05T20:57:13.49856233"
    },
    "nucl_hmmer.epa_result.jplace.gz": {
        "content": [
            "nucl_hmmer.epa_result.jplace.gz"
        ],
        "meta": {
            "nf-test": "0.8.4",
            "nextflow": "23.10.1"
        },
        "timestamp": "2024-04-08T11:44:49.494246"
    },
    "mafft.taxonomy.profile.tsv": {
        "content": [
            "mafft.taxonomy.profile.tsv"
        ],
        "meta": {
            "nf-test": "0.8.4",
            "nextflow": "23.10.1"
        },
        "timestamp": "2024-04-05T20:57:13.501534227"
    },
    "mafft.epa_result.jplace.gz": {
        "content": [
            "mafft.epa_result.jplace.gz"
        ],
        "meta": {
            "nf-test": "0.8.4",
            "nextflow": "23.10.1"
        },
        "timestamp": "2024-04-08T11:57:06.815658"
    }
}